[01m[K/home/cjs/VL53L8CX/VL53L8CX_ws/src/tof_sensor_package/src/BestFit.cpp:[m[K In static member function ‘[01m[Kstatic std::pair<double, double> BestFit::analyze(const cv::Mat&, int)[m[K’:
[01m[K/home/cjs/VL53L8CX/VL53L8CX_ws/src/tof_sensor_package/src/BestFit.cpp:87:14:[m[K [01;35m[Kwarning: [m[Kstructured bindings only available with ‘[01m[K-std=c++17[m[K’ or ‘[01m[K-std=gnu++17[m[K’
   87 |         auto [01;35m[K[[m[Kcoefficients, inliers] = fitLineRANSAC(robotEdgePoints);
      |              [01;35m[K^[m[K
[01m[K/home/cjs/VL53L8CX/VL53L8CX_ws/src/tof_sensor_package/src/BestFit.cpp:27:66:[m[K [01;35m[Kwarning: [m[Kunused parameter ‘[01m[Kthreshold[m[K’ [[01;35m[K-Wunused-parameter[m[K]
   27 | std::pair<double, double> BestFit::analyze(const cv::Mat &A, [01;35m[Kint threshold[m[K) {
      |                                                              [01;35m[K~~~~^~~~~~~~~[m[K
[01m[K/home/cjs/VL53L8CX/VL53L8CX_ws/src/tof_sensor_package/src/pallet_detect_node.cpp:[m[K In member function ‘[01m[Kvoid PalletDetectNode::timer_callback()[m[K’:
[01m[K/home/cjs/VL53L8CX/VL53L8CX_ws/src/tof_sensor_package/src/pallet_detect_node.cpp:127:26:[m[K [01;35m[Kwarning: [m[Kstructured bindings only available with ‘[01m[K-std=c++17[m[K’ or ‘[01m[K-std=gnu++17[m[K’
  127 |                     auto [01;35m[K[[m[KangleA, driftA] = BestFit::analyze(A_8, distance_threshold);
      |                          [01;35m[K^[m[K
[01m[K/home/cjs/VL53L8CX/VL53L8CX_ws/src/tof_sensor_package/src/pallet_detect_node.cpp:128:26:[m[K [01;35m[Kwarning: [m[Kstructured bindings only available with ‘[01m[K-std=c++17[m[K’ or ‘[01m[K-std=gnu++17[m[K’
  128 |                     auto [01;35m[K[[m[KangleC, driftC] = BestFit::analyze(C_8, distance_threshold);
      |                          [01;35m[K^[m[K
/usr/bin/ld: CMakeFiles/pallet_detect_node.dir/src/pallet_detect_node.cpp.o: in function `PalletDetectNode::timer_callback()':
pallet_detect_node.cpp:(.text._ZN16PalletDetectNode14timer_callbackEv[_ZN16PalletDetectNode14timer_callbackEv]+0xb2f): undefined reference to `BestFit::status'
/usr/bin/ld: CMakeFiles/pallet_detect_node.dir/src/BestFit.cpp.o: in function `BestFit::analyze(cv::Mat const&, int)':
BestFit.cpp:(.text+0x78f): undefined reference to `BestFit::status'
collect2: error: ld returned 1 exit status
make[2]: *** [CMakeFiles/pallet_detect_node.dir/build.make:254: pallet_detect_node] Error 1
make[1]: *** [CMakeFiles/Makefile2:78: CMakeFiles/pallet_detect_node.dir/all] Error 2
make: *** [Makefile:141: all] Error 2
